/Sicherheitsupdate: Bitte/i
/Password Notice on \d\d .{5,10}, 20\d\d/i
/Nutzen Sie Ihre Programme wie Word, Excel und Outlook ohne laufende Kosten/i
/Package Requires Address Confirmation/i
/Letzte Chance zur Aktualisierung/i
/Incoming Messages Delayed – Error \dx\d+/i
/URGENT: Your Antivirus has Expired!/i
/Gluckwunsch/i
/Einverstandniserklarung fur/i
/Final Notice: Account Verification Outstanding/i
/Account Protection Step: Finish Level \d Check/i
/Important Notice: You have (\d) unsent messages/i
/【重要】.+ 認証手続き未完了のお知らせ/i
/【重要】/i
/ヨドバシドットコム：「お客様情報」変更依頼受付のご連絡/i
/重要なお知らせ: 未加算マイルについて/i
/会員情報の更新に関する重要なお知らせ【ビューカード】/i
/【JAバンク】ご本人様確認未完了のため至急対応をお願いします/i
/【EX予約】 メールアドレスの確認/i
/ご不在連絡票.+再配達受付サービス/i
/日本郵政株式会社：確認が必要/i
/Wichtig: Schützen Sie Ihre Transaktionen durch Aktualisierung Ihrer Telefonnummer bei .+/i
/.+, Achtung!$/i
/【VISAカード 】/i
/Paid Surveys Online/i
/Surveys for Money/i
/^Aktualisieren Sie Ihre Kontoinformationen$/i
/Wir haben Ihr Konto gesperrt!/i
/Unusual Sign-in! [Action Required]/i
/緊急/i
/今すぐ/i
/至急/i
/重要/i
/時間以内/i
/未完/i
/未加/i
/不審な/i
/警告/i
/確認依頼/i
/確認実施/i
/変更依頼/i
/WARNING: Your Email: .+ will be blocked today/i
/\[username\]/i
/Your Account has been blocked! Your Photos and Videos will be removed/i
/take action!!/i
/PayPal.+invited you as a developer/i
/If this transaction was not initiated by you, please Contact PayPal at \+1/i
/Message Failure for incoming messages/i
/Spende Donation/i
/Payment confirmation\/QTN#/i
/Important Message Delivery Error/i
/account request urgent restart update!!/i
/^Password Notice on .+@.+$/i
/Compliance Alert: Provide Details for Pending Transaction/i
/You have \[\d\] pending incoming emails/i
/Sie haben \[\d\] ungelesene Nachricht/i
/Case ID: #\d+890/i
/ID: #\d+898/i
/\{\d\} ✉ Failed emails pending/i
